================================================================================
  TFT End-to-End Ablation Study
  Synthetic Multi-Scale Wave Data (3 waves x 4 params -> 2 complex targets)
  seq_len=96, pred_len=24, enc_in=16, c_out=2
  d_model=128, n_heads=8, epochs=30, lr=0.0005
  train_samples=1024, val_samples=256, noise_std=0.15
  configs to test: 20
================================================================================

Generating synthetic wave data...
  Train: 1024 samples, 16 batches
  Val:   256 samples, 4 batches

──────────────────────────────────────────────────────────────────────
[1/20] baseline
  Overrides: (none — baseline)
──────────────────────────────────────────────────────────────────────
/home/kalki/Documents/workspace/Time-Series-Library/ai_env/lib/python3.11/site-packages/torch/nn/modules/linear.py:125: UserWarning: Attempting to use hipBLASLt on an unsupported architecture! Overriding blas backend to hipblas (Triggered internally at ../aten/src/ATen/Context.cpp:296.)
  return F.linear(input, self.weight, self.bias)
  Params: 5,761,636
  Epoch  1: train=0.12607  val=0.11080
  Epoch 16: train=0.07352  val=0.06884
  Epoch 30: train=0.03436  val=0.04123
  Improvement: 72.7%  |  Gen gap: 20.0%  |  Time: 104.4s

──────────────────────────────────────────────────────────────────────
[2/20] revin
  Overrides: {'tft_use_revin': True}
──────────────────────────────────────────────────────────────────────
  Params: 5,761,668
  Epoch  1: train=0.12606  val=0.11080
  Epoch 16: train=0.07038  val=0.06963
  Epoch 30: train=0.03475  val=0.04218
  Improvement: 72.4%  |  Gen gap: 21.4%  |  Time: 113.1s

──────────────────────────────────────────────────────────────────────
[3/20] fft_branch
  Overrides: {'tft_use_fft_branch': True, 'tft_fft_modes': 16}
──────────────────────────────────────────────────────────────────────
  Params: 5,922,916
  Epoch  1: train=0.12088  val=0.10846
  Epoch 16: train=0.05642  val=0.05295
  Epoch 30: train=0.02981  val=0.03829
  Improvement: 75.3%  |  Gen gap: 28.4%  |  Time: 119.3s

──────────────────────────────────────────────────────────────────────
[4/20] higher_order
  Overrides: {'tft_use_higher_order': True, 'tft_interaction_order': 2}
──────────────────────────────────────────────────────────────────────
  Params: 5,850,154
  Epoch  1: train=0.13482  val=0.11563
  Epoch 16: train=0.07340  val=0.07679
  Epoch 30: train=0.03442  val=0.04300
  Improvement: 74.5%  |  Gen gap: 24.9%  |  Time: 116.4s

──────────────────────────────────────────────────────────────────────
[5/20] regime_moe
  Overrides: {'tft_use_regime_moe': True, 'tft_moe_aux_loss_coeff': 0.01}
──────────────────────────────────────────────────────────────────────
  Params: 6,014,737
  Epoch  1: train=0.13135  val=0.11291
  Epoch 16: train=0.06890  val=0.06007
  Epoch 30: train=0.03413  val=0.04108
  Improvement: 74.0%  |  Gen gap: 20.4%  |  Time: 119.5s

──────────────────────────────────────────────────────────────────────
[6/20] multihead_vsn
  Overrides: {'tft_vsn_n_selection_heads': 2}
──────────────────────────────────────────────────────────────────────
  Params: 7,013,060
  Epoch  1: train=0.13207  val=0.11449
  Epoch 16: train=0.05778  val=0.05226
  Epoch 30: train=0.03241  val=0.03897
  Improvement: 75.5%  |  Gen gap: 20.2%  |  Time: 120.0s

──────────────────────────────────────────────────────────────────────
[7/20] dual_attention
  Overrides: {'tft_full_attention': True, 'tft_dual_attention_fusion': True}
──────────────────────────────────────────────────────────────────────
  Params: 5,958,250
  Epoch  1: train=0.12555  val=0.11380
  Epoch 16: train=0.05863  val=0.05451
  Epoch 30: train=0.03186  val=0.03912
  Improvement: 74.6%  |  Gen gap: 22.8%  |  Time: 130.1s

──────────────────────────────────────────────────────────────────────
[8/20] cross_attention
  Overrides: {'tft_use_explicit_cross_attention': True}
──────────────────────────────────────────────────────────────────────
  Params: 6,058,084
  Epoch  1: train=0.13525  val=0.11148
  Epoch 16: train=0.06386  val=0.05469
  Epoch 30: train=0.03486  val=0.04280
  Improvement: 74.2%  |  Gen gap: 22.8%  |  Time: 117.7s

──────────────────────────────────────────────────────────────────────
[9/20] gated_tcn
  Overrides: {'tft_temporal_backbone': 'gated_tcn'}
──────────────────────────────────────────────────────────────────────
MIOpen(HIP): Warning [IsEnoughWorkspace] [GetSolutionsFallback WTI] Solver <GemmFwdRest>, workspace required: 184320, provided ptr: 0 size: 0
MIOpen(HIP): Warning [IsEnoughWorkspace] [EvaluateInvokers] Solver <GemmFwdRest>, workspace required: 184320, provided ptr: 0 size: 0
MIOpen(HIP): Warning [IsEnoughWorkspace] [GetSolutionsFallback WTI] Solver <GemmFwdRest>, workspace required: 184320, provided ptr: 0 size: 0
MIOpen(HIP): Warning [IsEnoughWorkspace] [EvaluateInvokers] Solver <GemmFwdRest>, workspace required: 184320, provided ptr: 0 size: 0
MIOpen(HIP): Warning [IsEnoughWorkspace] [GetSolutionsFallback WTI] Solver <GemmBwdRest>, workspace required: 184320, provided ptr: 0 size: 0
MIOpen(HIP): Warning [IsEnoughWorkspace] [EvaluateInvokers] Solver <GemmBwdRest>, workspace required: 184320, provided ptr: 0 size: 0
MIOpen(HIP): Warning [IsEnoughWorkspace] [GetSolutionsFallback WTI] Solver <GemmWrwUniversal>, workspace required: 184320, provided ptr: 0 size: 0
MIOpen(HIP): Warning [IsEnoughWorkspace] [EvaluateInvokers] Solver <GemmWrwUniversal>, workspace required: 184320, provided ptr: 0 size: 0
MIOpen(HIP): Warning [IsEnoughWorkspace] [GetSolutionsFallback WTI] Solver <GemmBwdRest>, workspace required: 184320, provided ptr: 0 size: 0
MIOpen(HIP): Warning [IsEnoughWorkspace] [EvaluateInvokers] Solver <GemmBwdRest>, workspace required: 184320, provided ptr: 0 size: 0
MIOpen(HIP): Warning [IsEnoughWorkspace] [GetSolutionsFallback WTI] Solver <GemmWrwUniversal>, workspace required: 184320, provided ptr: 0 size: 0
MIOpen(HIP): Warning [IsEnoughWorkspace] [EvaluateInvokers] Solver <GemmWrwUniversal>, workspace required: 184320, provided ptr: 0 size: 0
  Params: 6,007,012
  Epoch  1: train=0.15820  val=0.11235
  Epoch 16: train=0.05956  val=0.05846
  Epoch 30: train=0.03319  val=0.03767
  Improvement: 79.0%  |  Gen gap: 13.5%  |  Time: 274.7s

──────────────────────────────────────────────────────────────────────
[10/20] hybrid_backbone
  Overrides: {'tft_temporal_backbone': 'hybrid_tcn_lstm'}
──────────────────────────────────────────────────────────────────────
  Params: 6,502,756
  Epoch  1: train=0.12619  val=0.11257
  Epoch 16: train=0.04785  val=0.04737
  Epoch 30: train=0.03155  val=0.03582
  Improvement: 75.0%  |  Gen gap: 13.5%  |  Time: 275.8s

──────────────────────────────────────────────────────────────────────
[11/20] per_target_heads
  Overrides: {'tft_per_target_heads': True}
──────────────────────────────────────────────────────────────────────
  Params: 5,778,020
  Epoch  1: train=0.11485  val=0.11074
  Epoch 16: train=0.07773  val=0.07249
  Epoch 30: train=0.03453  val=0.03933
  Improvement: 69.9%  |  Gen gap: 13.9%  |  Time: 104.9s

──────────────────────────────────────────────────────────────────────
[12/20] per_feature_gating
  Overrides: {'tft_vsn_per_feature_gating': True}
──────────────────────────────────────────────────────────────────────
  Params: 6,947,012
  Epoch  1: train=0.12112  val=0.11016
  Epoch 16: train=0.06392  val=0.06269
  Epoch 30: train=0.03326  val=0.03905
  Improvement: 72.5%  |  Gen gap: 17.4%  |  Time: 52.3s

──────────────────────────────────────────────────────────────────────
[13/20] covariate_reattention
  Overrides: {'tft_covariate_reattention': True}
──────────────────────────────────────────────────────────────────────
  Params: 6,058,084
  Epoch  1: train=0.13185  val=0.11668
  Epoch 16: train=0.07552  val=0.07713
  Epoch 30: train=0.03540  val=0.04057
  Improvement: 73.2%  |  Gen gap: 14.6%  |  Time: 511.7s

──────────────────────────────────────────────────────────────────────
[14/20] sparse_graph
  Overrides: {'tft_cross_variable_mixing': True, 'tft_graph_type': 'sparse', 'tft_graph_top_k': 5, 'tft_graph_num_layers': 2}
──────────────────────────────────────────────────────────────────────
  Params: 6,191,972
  Epoch  1: train=0.13184  val=0.11555
  Epoch 16: train=0.07107  val=0.06439
  Epoch 30: train=0.03400  val=0.04101
  Improvement: 74.2%  |  Gen gap: 20.6%  |  Time: 173.7s

──────────────────────────────────────────────────────────────────────
[15/20] temporal_graph
  Overrides: {'tft_cross_variable_mixing': True, 'tft_graph_type': 'temporal_sparse', 'tft_graph_top_k': 5, 'tft_graph_num_layers': 2, 'tft_graph_temporal_evolution': True}
──────────────────────────────────────────────────────────────────────
  Params: 7,246,696
  Epoch  1: train=0.15602  val=0.11324
  Epoch 16: train=0.07375  val=0.07957
  Epoch 30: train=0.03529  val=0.04143
  Improvement: 77.4%  |  Gen gap: 17.4%  |  Time: 198.2s

──────────────────────────────────────────────────────────────────────
[16/20] full_graph
  Overrides: {'tft_cross_variable_mixing': True, 'tft_graph_type': 'temporal_sparse', 'tft_graph_top_k': 8, 'tft_graph_num_layers': 3, 'tft_graph_temporal_evolution': True, 'tft_graph_edge_features': True}
──────────────────────────────────────────────────────────────────────
  Params: 7,511,402
  Epoch  1: train=0.14711  val=0.11497
  Epoch 16: train=0.07803  val=0.08237
  Epoch 30: train=0.03448  val=0.03849
  Improvement: 76.6%  |  Gen gap: 11.6%  |  Time: 666.9s

──────────────────────────────────────────────────────────────────────
[17/20] combo_spectral
  Overrides: {'tft_use_revin': True, 'tft_use_fft_branch': True, 'tft_fft_modes': 16, 'tft_use_higher_order': True}
──────────────────────────────────────────────────────────────────────
  Params: 6,011,466
  Epoch  1: train=0.13205  val=0.11234
  Epoch 16: train=0.06491  val=0.06549
  Epoch 30: train=0.03217  val=0.03738
  Improvement: 75.6%  |  Gen gap: 16.2%  |  Time: 115.7s

──────────────────────────────────────────────────────────────────────
[18/20] combo_attention
  Overrides: {'tft_use_revin': True, 'tft_full_attention': True, 'tft_dual_attention_fusion': True, 'tft_use_lag_attention': True, 'tft_use_explicit_cross_attention': True}
──────────────────────────────────────────────────────────────────────
  Params: 6,894,102
  Epoch  1: train=0.12517  val=0.11380
  Epoch 16: train=0.05371  val=0.05091
  Epoch 30: train=0.03183  val=0.03956
  Improvement: 74.6%  |  Gen gap: 24.3%  |  Time: 192.6s

──────────────────────────────────────────────────────────────────────
[19/20] full_stack
  Overrides: {'tft_use_revin': True, 'tft_use_swiglu': True, 'tft_full_attention': True, 'tft_dual_attention_fusion': True, 'tft_use_explicit_cross_attention': True, 'tft_use_lag_attention': True, 'tft_use_fft_branch': True, 'tft_fft_modes': 16, 'tft_use_higher_order': True, 'tft_use_regime_moe': True, 'tft_moe_aux_loss_coeff': 0.01, 'tft_vsn_n_selection_heads': 2, 'tft_cross_variable_mixing': True, 'tft_temporal_backbone': 'hybrid_tcn_lstm', 'tft_per_target_heads': True, 'tft_vsn_per_feature_gating': True, 'tft_covariate_reattention': True, 'tft_graph_type': 'temporal_sparse', 'tft_graph_top_k': 8, 'tft_graph_num_layers': 2, 'tft_graph_temporal_evolution': True, 'tft_graph_edge_features': True}
──────────────────────────────────────────────────────────────────────
  Params: 12,471,887
  Epoch  1: train=0.11558  val=0.11084
  Epoch 16: train=0.03668  val=0.03932
  Epoch 30: train=0.02791  val=0.03633
  Improvement: 75.9%  |  Gen gap: 30.2%  |  Time: 1269.6s

──────────────────────────────────────────────────────────────────────
[20/20] full_quantile
  Overrides: {'tft_use_revin': True, 'tft_use_swiglu': True, 'tft_full_attention': True, 'tft_dual_attention_fusion': True, 'tft_use_explicit_cross_attention': True, 'tft_use_lag_attention': True, 'tft_use_fft_branch': True, 'tft_fft_modes': 16, 'tft_use_higher_order': True, 'tft_use_regime_moe': True, 'tft_moe_aux_loss_coeff': 0.01, 'tft_vsn_n_selection_heads': 2, 'tft_cross_variable_mixing': True, 'tft_temporal_backbone': 'hybrid_tcn_lstm', 'tft_use_quantile_head': True, 'tft_mlp_quantile_projection': True, 'tft_quantile_projection_ff_size': 128}
──────────────────────────────────────────────────────────────────────
  Params: 9,539,439
  Epoch  1: train=0.18106  val=0.11160
  Epoch 16: train=0.09435  val=0.07272
  Epoch 30: train=0.05147  val=0.04333
  Improvement: 71.6%  |  Gen gap: -15.8%  |  Time: 409.9s

Total study time: 5188.6s

====================================================================================================
ABLATION STUDY RESULTS SUMMARY
====================================================================================================
Config                 │  Params │   Train₀ │  Train_f │    Val_f │ Improv% │ GenGap% │  Time │ Status
───────────────────────┼─────────┼──────────┼──────────┼──────────┼─────────┼─────────┼───────┼───────
baseline               │ 5761.6k │  0.12607 │  0.03436 │  0.04123 │   72.7% │   20.0% │ 104.4s │     OK
revin                  │ 5761.7k │  0.12606 │  0.03475 │  0.04218 │   72.4% │   21.4% │ 113.1s │     OK
fft_branch             │ 5922.9k │  0.12088 │  0.02981 │  0.03829 │   75.3% │   28.4% │ 119.3s │     OK
higher_order           │ 5850.2k │  0.13482 │  0.03442 │  0.04300 │   74.5% │   24.9% │ 116.4s │     OK
regime_moe             │ 6014.7k │  0.13135 │  0.03413 │  0.04108 │   74.0% │   20.4% │ 119.5s │     OK
multihead_vsn          │ 7013.1k │  0.13207 │  0.03241 │  0.03897 │   75.5% │   20.2% │ 120.0s │     OK
dual_attention         │ 5958.2k │  0.12555 │  0.03186 │  0.03912 │   74.6% │   22.8% │ 130.1s │     OK
cross_attention        │ 6058.1k │  0.13525 │  0.03486 │  0.04280 │   74.2% │   22.8% │ 117.7s │     OK
gated_tcn              │ 6007.0k │  0.15820 │  0.03319 │  0.03767 │   79.0% │   13.5% │ 274.7s │     OK
hybrid_backbone        │ 6502.8k │  0.12619 │  0.03155 │  0.03582 │   75.0% │   13.5% │ 275.8s │     OK
per_target_heads       │ 5778.0k │  0.11485 │  0.03453 │  0.03933 │   69.9% │   13.9% │ 104.9s │     OK
per_feature_gating     │ 6947.0k │  0.12112 │  0.03326 │  0.03905 │   72.5% │   17.4% │ 52.3s │     OK
covariate_reattention  │ 6058.1k │  0.13185 │  0.03540 │  0.04057 │   73.2% │   14.6% │ 511.7s │     OK
sparse_graph           │ 6192.0k │  0.13184 │  0.03400 │  0.04101 │   74.2% │   20.6% │ 173.7s │     OK
temporal_graph         │ 7246.7k │  0.15602 │  0.03529 │  0.04143 │   77.4% │   17.4% │ 198.2s │     OK
full_graph             │ 7511.4k │  0.14711 │  0.03448 │  0.03849 │   76.6% │   11.6% │ 666.9s │     OK
combo_spectral         │ 6011.5k │  0.13205 │  0.03217 │  0.03738 │   75.6% │   16.2% │ 115.7s │     OK
combo_attention        │ 6894.1k │  0.12517 │  0.03183 │  0.03956 │   74.6% │   24.3% │ 192.6s │     OK
full_stack             │ 12471.9k │  0.11558 │  0.02791 │  0.03633 │   75.9% │   30.2% │ 1269.6s │     OK
full_quantile          │ 9539.4k │  0.18106 │  0.05147 │  0.04333 │   71.6% │  -15.8% │ 409.9s │     OK

────────────────────────────────────────────────────────────
RANKING BY VALIDATION MSE (lower is better):
────────────────────────────────────────────────────────────
   1. hybrid_backbone         val=0.03582  (-13.1% vs baseline) ◀ BEST
   2. full_stack              val=0.03633  (-11.9% vs baseline)
   3. combo_spectral          val=0.03738  (-9.3% vs baseline)
   4. gated_tcn               val=0.03767  (-8.6% vs baseline)
   5. fft_branch              val=0.03829  (-7.1% vs baseline)
   6. full_graph              val=0.03849  (-6.6% vs baseline)
   7. multihead_vsn           val=0.03897  (-5.5% vs baseline)
   8. per_feature_gating      val=0.03905  (-5.3% vs baseline)
   9. dual_attention          val=0.03912  (-5.1% vs baseline)
  10. per_target_heads        val=0.03933  (-4.6% vs baseline)
  11. combo_attention         val=0.03956  (-4.0% vs baseline)
  12. covariate_reattention   val=0.04057  (-1.6% vs baseline)
  13. sparse_graph            val=0.04101  (-0.5% vs baseline)
  14. regime_moe              val=0.04108  (-0.4% vs baseline)
  15. baseline                val=0.04123  (0.0% vs baseline)
  16. temporal_graph          val=0.04143  (+0.5% vs baseline)
  17. revin                   val=0.04218  (+2.3% vs baseline)
  18. cross_attention         val=0.04280  (+3.8% vs baseline)
  19. higher_order            val=0.04300  (+4.3% vs baseline)
  20. full_quantile           val=0.04333  (+5.1% vs baseline)

────────────────────────────────────────────────────────────
INDIVIDUAL FEATURE IMPACT (Δ val MSE vs baseline):
────────────────────────────────────────────────────────────
    hybrid_backbone         ↓ -13.1%  (-0.00541)
    gated_tcn               ↓ -8.6%  (-0.00356)
    fft_branch              ↓ -7.1%  (-0.00294)
    multihead_vsn           ↓ -5.5%  (-0.00226)
    dual_attention          ↓ -5.1%  (-0.00211)
    regime_moe              ↓ -0.4%  (-0.00015)
    revin                   ↑ +2.3%  (+0.00096)
    cross_attention         ↑ +3.8%  (+0.00158)
    higher_order            ↑ +4.3%  (+0.00177)


────────────────────────────────────────────────────────────
LOSS CURVES (train → val)
────────────────────────────────────────────────────────────

  hybrid_backbone:
    train: 0.1262 0.1085 0.1026 0.1000 0.0979 0.0948 0.0916 0.0877 0.0832 0.0801 0.0746 0.0681 0.0614 0.0573 0.0540 0.0479 0.0423 0.0405 0.0382 0.0373 0.0371 0.0363 0.0349 0.0336 0.0332 0.0326 0.0325 0.0329 0.0320 0.0315
    val:   0.1126 0.1018 0.0999 0.0976 0.0957 0.0930 0.0892 0.0864 0.0829 0.0804 0.0744 0.0705 0.0612 0.0596 0.0515 0.0474 0.0448 0.0419 0.0409 0.0410 0.0387 0.0388 0.0376 0.0372 0.0371 0.0371 0.0364 0.0369 0.0369 0.0358

  full_stack:
    train: 0.1156 0.1109 0.1041 0.0982 0.0923 0.0848 0.0734 0.0649 0.0574 0.0469 0.0433 0.0426 0.0404 0.0394 0.0383 0.0367 0.0351 0.0347 0.0346 0.0336 0.0331 0.0320 0.0315 0.0307 0.0312 0.0307 0.0296 0.0292 0.0286 0.0279
    val:   0.1108 0.1048 0.0977 0.0933 0.0886 0.0786 0.0758 0.0601 0.0515 0.0456 0.0441 0.0425 0.0447 0.0423 0.0414 0.0393 0.0380 0.0400 0.0392 0.0379 0.0375 0.0378 0.0379 0.0365 0.0360 0.0371 0.0369 0.0358 0.0363 0.0363

  combo_spectral:
    train: 0.1320 0.1132 0.1100 0.1082 0.1055 0.1020 0.0999 0.0982 0.0961 0.0941 0.0903 0.0859 0.0825 0.0784 0.0718 0.0649 0.0551 0.0511 0.0458 0.0416 0.0395 0.0431 0.0364 0.0347 0.0348 0.0332 0.0328 0.0319 0.0319 0.0322
    val:   0.1123 0.1080 0.1066 0.1048 0.1013 0.0984 0.0972 0.0955 0.0943 0.0917 0.0862 0.0835 0.0802 0.0773 0.0679 0.0655 0.0617 0.0511 0.0473 0.0434 0.0512 0.0431 0.0397 0.0389 0.0381 0.0383 0.0375 0.0374 0.0385 0.0374

  gated_tcn:
    train: 0.1582 0.1145 0.1121 0.1079 0.1037 0.1002 0.0970 0.0926 0.0888 0.0848 0.0803 0.0766 0.0715 0.0666 0.0624 0.0596 0.0538 0.0529 0.0473 0.0433 0.0424 0.0412 0.0389 0.0374 0.0386 0.0382 0.0370 0.0352 0.0339 0.0332
    val:   0.1123 0.1115 0.1081 0.1031 0.1000 0.0971 0.0941 0.0893 0.0865 0.0824 0.0790 0.0769 0.0736 0.0678 0.0655 0.0585 0.0565 0.0528 0.0481 0.0447 0.0481 0.0431 0.0413 0.0437 0.0450 0.0445 0.0400 0.0390 0.0385 0.0377

  fft_branch:
    train: 0.1209 0.1105 0.1091 0.1070 0.1048 0.1020 0.1001 0.0979 0.0957 0.0927 0.0879 0.0837 0.0790 0.0735 0.0626 0.0564 0.0497 0.0447 0.0454 0.0457 0.0410 0.0385 0.0364 0.0350 0.0347 0.0336 0.0322 0.0322 0.0312 0.0298
    val:   0.1085 0.1078 0.1058 0.1032 0.1011 0.0983 0.0969 0.0951 0.0929 0.0889 0.0836 0.0810 0.0770 0.0708 0.0582 0.0530 0.0482 0.0533 0.0503 0.0433 0.0463 0.0432 0.0403 0.0404 0.0408 0.0388 0.0394 0.0398 0.0376 0.0383

  full_graph:
    train: 0.1471 0.1141 0.1131 0.1110 0.1083 0.1060 0.1029 0.0992 0.0974 0.0956 0.0931 0.0905 0.0872 0.0856 0.0817 0.0780 0.0714 0.0608 0.0532 0.0526 0.0490 0.0425 0.0459 0.0446 0.0406 0.0374 0.0366 0.0355 0.0354 0.0345
    val:   0.1150 0.1110 0.1104 0.1071 0.1049 0.1025 0.0990 0.0964 0.0953 0.0932 0.0914 0.0884 0.0858 0.0851 0.0786 0.0824 0.0873 0.0538 0.0502 0.0566 0.0528 0.0484 0.0473 0.0477 0.0412 0.0433 0.0395 0.0407 0.0415 0.0385

  Interpretation Analysis for 'baseline':
    History VSN importance (top 8):
      1. high_cos           0.3838
      2. high_sin           0.1260
      3. Δφ_lm              0.0560
      4. y2_hist            0.0549
      5. ω_low              0.0453
      6. ω_high             0.0412
      7. low_cos            0.0299
      8. ratio_hm           0.0283
    Future VSN importance (top 5):
      1. trend              0.7221
      2. cos(ω₀_low·t)      0.0649
      3. sin(ω₀_med·t)      0.0488
      4. cos(ω₀_med·t)      0.0363
      5. sin(ω₀_high·t)     0.0356
MIOpen(HIP): Warning [IsEnoughWorkspace] [GetSolutionsFallback WTI] Solver <GemmFwdRest>, workspace required: 184320, provided ptr: 0 size: 0
MIOpen(HIP): Warning [IsEnoughWorkspace] [EvaluateInvokers] Solver <GemmFwdRest>, workspace required: 184320, provided ptr: 0 size: 0
MIOpen(HIP): Warning [IsEnoughWorkspace] [GetSolutionsFallback WTI] Solver <GemmFwdRest>, workspace required: 184320, provided ptr: 0 size: 0
MIOpen(HIP): Warning [IsEnoughWorkspace] [EvaluateInvokers] Solver <GemmFwdRest>, workspace required: 184320, provided ptr: 0 size: 0

  Interpretation Analysis for 'full_stack':
    History VSN importance (top 8):
      1. A_med              0.6051
      2. Δφ_lm              0.6051
      3. y1_hist            0.5620
      4. y2_hist            0.5611
      5. ω_high             0.5501
      6. A_high             0.5371
      7. cos(ω₀_med·t)      0.5369
      8. cos(ω₀_high·t)     0.5280
    Future VSN importance (top 5):
      1. cos(ω₀_med·t)      0.8398
      2. modulation         0.8171
      3. trend              0.5669
      4. sin(ω₀_med·t)      0.4066
      5. sin(ω₀_high·t)     0.3754
    Attention fusion α (full vs interp): 0.3333
    FFT gate mean: 0.5100
    Regime probabilities: [0.293, 0.342, 0.365]
    Expert routing (avg): [0.227, 0.253, 0.302, 0.217]

  Interpretation Analysis for 'full_quantile':
    History VSN importance (top 8):
      1. ratio_hm           0.2051
      2. low_cos            0.1464
      3. ω_high             0.0591
      4. y1_hist            0.0517
      5. y2_hist            0.0513
      6. ω_med              0.0465
      7. high_sin           0.0421
      8. high_cos           0.0392
    Future VSN importance (top 5):
      1. cos(ω₀_low·t)      0.2334
      2. sin(ω₀_med·t)      0.1948
      3. cos(ω₀_med·t)      0.1865
      4. trend              0.1254
      5. modulation         0.1016
    Attention fusion α (full vs interp): 0.3333
    FFT gate mean: 0.5120
    Regime probabilities: [0.321, 0.349, 0.330]
    Expert routing (avg): [0.209, 0.244, 0.275, 0.272]
    Quantile spread (q90-q10 avg): 0.4560
